    ___    ________  ___                          __      __ v16.20.9
   /   |  / ____/  |/  /  _____(_)___ ___  __  __/ /___ _/ /_____  _____
  / /| | / __/ / /|_/ /  / ___/ / __ `__ \/ / / / / __ `/ __/ __ \/ ___/
 / ___ |/ /___/ /  / /  (__  ) / / / / / / /_/ / / /_/ / /_/ /_/ / /
/_/  |_/_____/_/  /_/  /____/_/_/ /_/ /_/\__,_/_/\__,_/\__/\____/_/

info: Starting AEM dev server v16.20.9
info: Local AEM dev server up and running: http://localhost:3000/
info: Enabled reverse proxy to https://main--xwalkdemo--rsankar09.aem.page
info: Serving HTML files from folder: drafts at /drafts
warn: [36] Proxy GET request to https://main--xwalkdemo--rsankar09.aem.page/footer.plain.html: 404 (text/html; charset=utf-8)
warn: [20] Proxy GET request to https://main--xwalkdemo--rsankar09.aem.page/nav.plain.html: 404 (text/html; charset=utf-8)
warn: [71] Proxy GET request to https://main--xwalkdemo--rsankar09.aem.page/nav.plain.html: 404 (text/html; charset=utf-8)
warn: [93] Proxy GET request to https://main--xwalkdemo--rsankar09.aem.page/footer.plain.html: 404 (text/html; charset=utf-8)
warn: [119] Proxy GET request to https://main--xwalkdemo--rsankar09.aem.page/nav.plain.html: 404 (text/html; charset=utf-8)
warn: [133] Proxy GET request to https://main--xwalkdemo--rsankar09.aem.page/footer.plain.html: 404 (text/html; charset=utf-8)
warn: [174] Proxy GET request to https://main--xwalkdemo--rsankar09.aem.page/nav.plain.html: 404 (text/html; charset=utf-8)
warn: [194] Proxy GET request to https://main--xwalkdemo--rsankar09.aem.page/footer.plain.html: 404 (text/html; charset=utf-8)
warn: [220] Proxy GET request to https://main--xwalkdemo--rsankar09.aem.page/nav.plain.html: 404 (text/html; charset=utf-8)
warn: [240] Proxy GET request to https://main--xwalkdemo--rsankar09.aem.page/footer.plain.html: 404 (text/html; charset=utf-8)
warn: [286] Proxy GET request to https://main--xwalkdemo--rsankar09.aem.page/footer.plain.html: 404 (text/html; charset=utf-8)
warn: [268] Proxy GET request to https://main--xwalkdemo--rsankar09.aem.page/nav.plain.html: 404 (text/html; charset=utf-8)
warn: [306] Proxy GET request to https://main--xwalkdemo--rsankar09.aem.page/drafts/: 404 (text/html; charset=utf-8)
warn: [320] Proxy GET request to https://main--xwalkdemo--rsankar09.aem.page/nav.plain.html: 404 (text/html; charset=utf-8)
warn: [321] Proxy GET request to https://main--xwalkdemo--rsankar09.aem.page/footer.plain.html: 404 (text/html; charset=utf-8)
warn: [336] Proxy GET request to https://main--xwalkdemo--rsankar09.aem.page/drafts/nyl-home: 404 (text/html; charset=utf-8)
warn: Warning: Proxying ignored file: /.rum/100.html (matched by .hlxignore)
warn: Warning: Proxying ignored file: /.rum/100.html (matched by .hlxignore)
warn: Warning: Proxying ignored file: /.rum/100.html (matched by .hlxignore)
warn: Warning: Proxying ignored file: /.rum/100.html (matched by .hlxignore)
warn: Warning: Proxying ignored file: /.rum/100.html (matched by .hlxignore)
warn: Warning: Proxying ignored file: /.rum/100.html (matched by .hlxignore)
warn: Warning: Proxying ignored file: /.rum/100.html (matched by .hlxignore)
warn: Warning: Proxying ignored file: /.rum/100.html (matched by .hlxignore)
warn: Warning: Proxying ignored file: /.rum/100.html (matched by .hlxignore)
warn: Warning: Proxying ignored file: /.rum/100.html (matched by .hlxignore)
warn: Warning: Proxying ignored file: /.rum/100.html (matched by .hlxignore)
warn: Warning: Proxying ignored file: /.rum/100.html (matched by .hlxignore)
warn: Warning: Proxying ignored file: /.rum/100.html (matched by .hlxignore)
warn: Warning: Proxying ignored file: /.rum/100.html (matched by .hlxignore)
warn: Warning: Proxying ignored file: /.rum/100.html (matched by .hlxignore)
warn: Warning: Proxying ignored file: /.rum/100.html (matched by .hlxignore)
warn: Warning: Proxying ignored file: /.rum/100.html (matched by .hlxignore)
warn: Warning: Proxying ignored file: /.rum/100.html (matched by .hlxignore)
warn: Warning: Proxying ignored file: /.rum/100.html (matched by .hlxignore)
warn: Warning: Proxying ignored file: /.rum/100.html (matched by .hlxignore)
warn: Warning: Proxying ignored file: /.rum/100.html (matched by .hlxignore)
warn: Warning: Proxying ignored file: /.rum/100.html (matched by .hlxignore)
warn: Warning: Proxying ignored file: /.rum/100.html (matched by .hlxignore)
warn: Warning: Proxying ignored file: /.rum/100.html (matched by .hlxignore)
warn: Warning: Proxying ignored file: /.rum/100.html (matched by .hlxignore)
warn: Warning: Proxying ignored file: /.rum/100.html (matched by .hlxignore)
warn: Warning: Proxying ignored file: /.rum/100.html (matched by .hlxignore)
warn: Warning: Proxying ignored file: /.rum/100.html (matched by .hlxignore)
warn: Warning: Proxying ignored file: /.rum/100.html (matched by .hlxignore)
warn: Warning: Proxying ignored file: /.rum/100.html (matched by .hlxignore)
warn: Warning: Proxying ignored file: /.rum/100.html (matched by .hlxignore)
warn: Warning: Proxying ignored file: /.rum/100.html (matched by .hlxignore)
warn: Warning: Proxying ignored file: /.rum/100.html (matched by .hlxignore)
warn: Warning: Proxying ignored file: /.rum/100.html (matched by .hlxignore)
warn: Warning: Proxying ignored file: /.rum/100.html (matched by .hlxignore)
warn: Warning: Proxying ignored file: /.rum/100.html (matched by .hlxignore)
warn: Warning: Proxying ignored file: /.rum/100.html (matched by .hlxignore)
warn: Warning: Proxying ignored file: /.rum/100.html (matched by .hlxignore)
warn: Warning: Proxying ignored file: /.rum/100.html (matched by .hlxignore)
warn: Warning: Proxying ignored file: /.rum/100.html (matched by .hlxignore)
warn: Warning: Proxying ignored file: /.rum/100.html (matched by .hlxignore)
warn: Warning: Proxying ignored file: /.rum/100.html (matched by .hlxignore)
warn: Warning: Proxying ignored file: /.rum/100.html (matched by .hlxignore)
warn: Warning: Proxying ignored file: /.rum/100.html (matched by .hlxignore)
warn: Warning: Proxying ignored file: /.rum/100.html (matched by .hlxignore)
warn: Warning: Proxying ignored file: /.rum/100.html (matched by .hlxignore)
warn: Warning: Proxying ignored file: /.rum/100.html (matched by .hlxignore)
warn: Warning: Proxying ignored file: /.rum/100.html (matched by .hlxignore)
warn: Warning: Proxying ignored file: /.rum/100.html (matched by .hlxignore)
warn: Warning: Proxying ignored file: /.rum/100.html (matched by .hlxignore)
warn: Warning: Proxying ignored file: /.rum/100.html (matched by .hlxignore)
warn: Warning: Proxying ignored file: /.rum/100.html (matched by .hlxignore)
warn: Warning: Proxying ignored file: /.rum/100.html (matched by .hlxignore)
warn: Warning: Proxying ignored file: /.rum/100.html (matched by .hlxignore)
warn: Warning: Proxying ignored file: /.rum/100.html (matched by .hlxignore)
warn: Warning: Proxying ignored file: /.rum/100.html (matched by .hlxignore)
warn: Warning: Proxying ignored file: /.rum/100.html (matched by .hlxignore)
warn: Warning: Proxying ignored file: /.rum/100.html (matched by .hlxignore)
warn: Warning: Proxying ignored file: /.rum/100.html (matched by .hlxignore)
warn: Warning: Proxying ignored file: /.rum/100.html (matched by .hlxignore)
warn: Warning: Proxying ignored file: /.rum/100.html (matched by .hlxignore)
warn: Warning: Proxying ignored file: /.rum/100.html (matched by .hlxignore)
warn: Warning: Proxying ignored file: /.rum/100.html (matched by .hlxignore)
warn: Warning: Proxying ignored file: /.rum/100.html (matched by .hlxignore)
warn: Warning: Proxying ignored file: /.rum/100.html (matched by .hlxignore)
warn: Warning: Proxying ignored file: /.rum/100.html (matched by .hlxignore)
warn: Warning: Proxying ignored file: /.rum/100.html (matched by .hlxignore)
warn: Warning: Proxying ignored file: /.rum/100.html (matched by .hlxignore)
warn: Warning: Proxying ignored file: /.rum/100.html (matched by .hlxignore)
warn: Warning: Proxying ignored file: /.rum/100.html (matched by .hlxignore)
warn: Warning: Proxying ignored file: /.rum/100.html (matched by .hlxignore)
warn: Warning: Proxying ignored file: /.rum/100.html (matched by .hlxignore)
warn: Warning: Proxying ignored file: /.rum/100.html (matched by .hlxignore)
warn: Warning: Proxying ignored file: /.rum/100.html (matched by .hlxignore)
warn: Warning: Proxying ignored file: /.rum/100.html (matched by .hlxignore)
warn: Warning: Proxying ignored file: /.rum/100.html (matched by .hlxignore)
warn: Warning: Proxying ignored file: /.rum/100.html (matched by .hlxignore)
warn: Warning: Proxying ignored file: /.rum/100.html (matched by .hlxignore)
warn: Warning: Proxying ignored file: /.rum/100.html (matched by .hlxignore)
warn: Warning: Proxying ignored file: /.rum/100.html (matched by .hlxignore)
warn: Warning: Proxying ignored file: /.rum/100.html (matched by .hlxignore)
warn: Warning: Proxying ignored file: /.rum/100.html (matched by .hlxignore)
warn: Warning: Proxying ignored file: /.rum/100.html (matched by .hlxignore)
warn: Warning: Proxying ignored file: /.rum/100.html (matched by .hlxignore)
warn: Warning: Proxying ignored file: /.rum/100.html (matched by .hlxignore)
warn: Warning: Proxying ignored file: /.rum/100.html (matched by .hlxignore)
warn: Warning: Proxying ignored file: /.rum/100.html (matched by .hlxignore)
warn: Warning: Proxying ignored file: /.rum/100.html (matched by .hlxignore)
warn: Warning: Proxying ignored file: /.rum/100.html (matched by .hlxignore)
warn: Warning: Proxying ignored file: /.well-known/appspecific/com.chrome.devtools.json (matched by .hlxignore)
warn: [515] Proxy GET request to https://main--xwalkdemo--rsankar09.aem.page/.well-known/appspecific/com.chrome.devtools.json: 404 (text/plain; charset=utf-8)
warn: Warning: Proxying ignored file: /.rum/100.html (matched by .hlxignore)
warn: [517] Proxy GET request to https://main--xwalkdemo--rsankar09.aem.page/nav.plain.html: 404 (text/html; charset=utf-8)
warn: [518] Proxy GET request to https://main--xwalkdemo--rsankar09.aem.page/footer.plain.html: 404 (text/html; charset=utf-8)
warn: [525] Proxy GET request to https://main--xwalkdemo--rsankar09.aem.page/: 404 (text/html; charset=utf-8)
info: AEM dev server stopped.
